<html>
<body>
<pre>
<h1>µVision Build Log</h1>
<h2>Project:</h2>
C:\Keil\Labware\Lab15_SpaceInvaders\SpaceInvaders.uvproj
Project File Date:  03/27/2020

<h2>Output:</h2>
Rebuild target 'SpaceInvaders'
assembling startup.s...
compiling Nokia5110.c...
assembling random.s...
compiling SpaceInvaders.c...
compiling TExaS.c...
linking...
Program Size: Code=4708 RO-data=1752 RW-data=108 ZI-data=1916  
".\SpaceInvaders.axf" - 0 Error(s), 0 Warning(s).
vaders.c: 0 warnings, 1 error
compiling TExaS.c...
".\SpaceInvaders.axf" - 1 Error(s), 0 Warning(s).
Target not created
